pág 15: 'CANTIDADES OBRA CIVIL' se descarta porque no tiene cantidad de colocar ni quitar
pág 39: 'Solo se relaciona un retiro de luminira en el formto de UCAPS' se descarta porque no tiene cantidad de colocar ni quitar
pág 39: 'Ya que la luminaria 092938 no existe en el MDE' se descarta porque no tiene cantidad de colocar ni quitar
pág 98: encabezado incompleto (proyecto='Unidad Belen Rincón CR 76A CL 1C-5', tipo='SS', numero='')
pág 158: 'NOTA LUMINARIA PUEDE SER DE 50W O 56W PARA NO DAÑAR' se descarta porque no tiene cantidad de colocar ni quitar
pág 158: 'UNIFORMIDAD' se descarta porque no tiene cantidad de colocar ni quitar
pág 183: 'La luminaria de 70 W no existe en el modelo no se relaciona' se descarta porque no tiene cantidad de colocar ni quitar
pág 183: 'en la lista de unidades constructivas' se descarta porque no tiene cantidad de colocar ni quitar
pág 193: 'El poste Carabobo no existe en el modelo digital de energia' se descarta porque no tiene cantidad de colocar ni quitar
pág 193: 'no se relaciona el retiro en la lista de UCAPS' se descarta porque no tiene cantidad de colocar ni quitar
pág 246: 'LA UCAP DEL PROYECTOR 110W SE ENCUENTRA EN TRAMITE' se descarta porque no tiene cantidad de colocar ni quitar
pág 307: 'Cantidfades consideradas en la obra' se descarta porque no tiene cantidad de colocar ni quitar
pág 130: código no reconocido 'NOTA' en 'LOS RETIROS NO EXISTEN EN TERRENO PERO SI ESTAN EN EL MODELO'
pág 130: 'LOS RETIROS NO EXISTEN EN TERRENO PERO SI ESTAN EN EL MODELO' se descarta porque no tiene cantidad de colocar ni quitar
pág 175: código no reconocido 'NOTA' en 'LOS RETIROS SE RELACIONAN YA QUE EXISTEN EN EL MODELO'
pág 175: 'LOS RETIROS SE RELACIONAN YA QUE EXISTEN EN EL MODELO' se descarta porque no tiene cantidad de colocar ni quitar
pág 175: 'PERO NO EXISTEN EN TERRENO' se descarta porque no tiene cantidad de colocar ni quitar
pág 178: 'se repone luminaria hurtada' se descarta porque no tiene cantidad de colocar ni quitar
pág 193: 'BRIDA BASE TIPO 3' se descarta porque no tiene cantidad de colocar ni quitar
pág 219: 'Nota: Los siguientes items van a ser constriudos y tenidos en cuenta por la obra civil' se descarta porque no tiene cantidad de colocar ni quitar
pág 234: 'BOMBILLA Na 70W' se descarta porque no tiene cantidad de colocar ni quitar
pág 281: 'En el sector se presento el hurto de infraestructura de AP' se descarta porque no tiene cantidad de colocar ni quitar
pág 281: 'a continuación se reportan la UCAPS para actulizar el MDE' se descarta porque no tiene cantidad de colocar ni quitar
pág 352: 'Reposición de dos luminaria hurtadas y traslado de un po' se descarta porque no tiene cantidad de colocar ni quitar
pág 378: 'Nota: las siguientes cantidades serán suministradas por la obra' se descarta porque no tiene cantidad de colocar ni quitar
pág 69: 'Cantidades a ejecutar por obra Civil' se descarta porque no tiene cantidad de colocar ni quitar
pág 92: 'Sedero peatonal destruido por creciente de quebrada' se descarta porque no tiene cantidad de colocar ni quitar
pág 92: 'retirar elementos del modelo digital de energia' se descarta porque no tiene cantidad de colocar ni quitar
pág 92: 'En terreno no existe la infraestructura' se descarta porque no tiene cantidad de colocar ni quitar
pág 106: 'La luminaria de 70 W a retirar no esta en el modelo no se' se descarta porque no tiene cantidad de colocar ni quitar
pág 106: 'relaciona en la lista de UCAPS' se descarta porque no tiene cantidad de colocar ni quitar
pág 169: 'En la lista de UCAP no se relaciona' se descarta porque no tiene cantidad de colocar ni quitar
pág 169: 'el retiro de la luminaria de 70 W NA' se descarta porque no tiene cantidad de colocar ni quitar
pág 169: 'de energía.' se descarta porque no tiene cantidad de colocar ni quitar
pág 169: 'Se relaciona en la lista de UCAP el' se descarta porque no tiene cantidad de colocar ni quitar
pág 169: 'retiro de una luminaria de 250 para' se descarta porque no tiene cantidad de colocar ni quitar
pág 169: 'la actualización del sistema' se descarta porque no tiene cantidad de colocar ni quitar
pág 216: 0 registros extraídos
pág 236: 'No se realizan memorias de calculo' se descarta porque no tiene cantidad de colocar ni quitar
pág 236: 'Se hace formato de UCAPS con el' se descarta porque no tiene cantidad de colocar ni quitar
pág 236: 'poste de fibra nuevo que se requiere' se descarta porque no tiene cantidad de colocar ni quitar
pág 236: 'para la instalación de la luminaria' se descarta porque no tiene cantidad de colocar ni quitar
pág 236: 'no se pone retiro de poste de madera' se descarta porque no tiene cantidad de colocar ni quitar
pág 236: 'Se instala luminaria de las mismas' se descarta porque no tiene cantidad de colocar ni quitar
pág 236: 'caracterizas a la que había antes' se descarta porque no tiene cantidad de colocar ni quitar
pág 236: 'del deslizamiento' se descarta porque no tiene cantidad de colocar ni quitar
pág 236: 'En el sector se presentó deslizamiento de tierra' se descarta porque no tiene cantidad de colocar ni quitar
pág 236: 'que ocasión perdida del terreno, motivo por el' se descarta porque no tiene cantidad de colocar ni quitar
pág 236: 'cual se perdió el poste la luminaria y la red.' se descarta porque no tiene cantidad de colocar ni quitar
pág 236: 'Por parte del distrito ya se estabilizó el terreno' se descarta porque no tiene cantidad de colocar ni quitar
pág 236: 'y se hizo el muro de contención y el llenado del' se descarta porque no tiene cantidad de colocar ni quitar
pág 236: 'terreno' se descarta porque no tiene cantidad de colocar ni quitar
pág 236: 'Se debe hacer la reposición de la infraestructura' se descarta porque no tiene cantidad de colocar ni quitar
pág 236: 'de AP, y la actualización del modelo.' se descarta porque no tiene cantidad de colocar ni quitar