Tabla 1 al 331_2026.pdf pág 15: 'CANTIDADES OBRA CIVIL' se descarta porque no tiene cantidad de colocar ni quitar
Tabla 1 al 331_2026.pdf pág 39: 'Solo se relaciona un retiro de luminira en el formto de UCAPS' se descarta porque no tiene cantidad de colocar ni quitar
Tabla 1 al 331_2026.pdf pág 39: 'Ya que la luminaria 092938 no existe en el MDE' se descarta porque no tiene cantidad de colocar ni quitar
Tabla 1 al 331_2026.pdf pág 98: encabezado incompleto (proyecto='Unidad Belen Rincón CR 76A CL 1C-5', tipo='SS', numero='')
Tabla 1 al 331_2026.pdf pág 158: 'NOTA LUMINARIA PUEDE SER DE 50W O 56W PARA NO DAÑAR' se descarta porque no tiene cantidad de colocar ni quitar
Tabla 1 al 331_2026.pdf pág 158: 'UNIFORMIDAD' se descarta porque no tiene cantidad de colocar ni quitar
Tabla 1 al 331_2026.pdf pág 183: 'La luminaria de 70 W no existe en el modelo no se relaciona' se descarta porque no tiene cantidad de colocar ni quitar
Tabla 1 al 331_2026.pdf pág 183: 'en la lista de unidades constructivas' se descarta porque no tiene cantidad de colocar ni quitar
Tabla 1 al 331_2026.pdf pág 193: 'El poste Carabobo no existe en el modelo digital de energia' se descarta porque no tiene cantidad de colocar ni quitar
Tabla 1 al 331_2026.pdf pág 193: 'no se relaciona el retiro en la lista de UCAPS' se descarta porque no tiene cantidad de colocar ni quitar
Tabla 1 al 331_2026.pdf pág 246: 'LA UCAP DEL PROYECTOR 110W SE ENCUENTRA EN TRAMITE' se descarta porque no tiene cantidad de colocar ni quitar
Tabla 1 al 331_2026.pdf pág 307: 'Cantidfades consideradas en la obra' se descarta porque no tiene cantidad de colocar ni quitar
Tablas 1 al 392_2025.pdf pág 130: código no reconocido 'NOTA' en 'LOS RETIROS NO EXISTEN EN TERRENO PERO SI ESTAN EN EL MODELO'
Tablas 1 al 392_2025.pdf pág 130: 'LOS RETIROS NO EXISTEN EN TERRENO PERO SI ESTAN EN EL MODELO' se descarta porque no tiene cantidad de colocar ni quitar
Tablas 1 al 392_2025.pdf pág 175: código no reconocido 'NOTA' en 'LOS RETIROS SE RELACIONAN YA QUE EXISTEN EN EL MODELO'
Tablas 1 al 392_2025.pdf pág 175: 'LOS RETIROS SE RELACIONAN YA QUE EXISTEN EN EL MODELO' se descarta porque no tiene cantidad de colocar ni quitar
Tablas 1 al 392_2025.pdf pág 175: 'PERO NO EXISTEN EN TERRENO' se descarta porque no tiene cantidad de colocar ni quitar
Tablas 1 al 392_2025.pdf pág 178: 'se repone luminaria hurtada' se descarta porque no tiene cantidad de colocar ni quitar
Tablas 1 al 392_2025.pdf pág 193: 'BRIDA BASE TIPO 3' se descarta porque no tiene cantidad de colocar ni quitar
Tablas 1 al 392_2025.pdf pág 219: 'Nota: Los siguientes items van a ser constriudos y tenidos en cuenta por la obra civil' se descarta porque no tiene cantidad de colocar ni quitar
Tablas 1 al 392_2025.pdf pág 234: 'BOMBILLA Na 70W' se descarta porque no tiene cantidad de colocar ni quitar
Tablas 1 al 392_2025.pdf pág 281: 'En el sector se presento el hurto de infraestructura de AP' se descarta porque no tiene cantidad de colocar ni quitar
Tablas 1 al 392_2025.pdf pág 281: 'a continuación se reportan la UCAPS para actulizar el MDE' se descarta porque no tiene cantidad de colocar ni quitar
Tablas 1 al 392_2025.pdf pág 352: 'Reposición de dos luminaria hurtadas y traslado de un po' se descarta porque no tiene cantidad de colocar ni quitar
Tablas 1 al 392_2025.pdf pág 378: 'Nota: las siguientes cantidades serán suministradas por la obra' se descarta porque no tiene cantidad de colocar ni quitar
UCAP EN VALIDACION DE APROBACION_2026.pdf pág 69: 'Cantidades a ejecutar por obra Civil' se descarta porque no tiene cantidad de colocar ni quitar
UCAP EN VALIDACION DE APROBACION_2026.pdf pág 92: 'Sedero peatonal destruido por creciente de quebrada' se descarta porque no tiene cantidad de colocar ni quitar
UCAP EN VALIDACION DE APROBACION_2026.pdf pág 92: 'retirar elementos del modelo digital de energia' se descarta porque no tiene cantidad de colocar ni quitar
UCAP EN VALIDACION DE APROBACION_2026.pdf pág 92: 'En terreno no existe la infraestructura' se descarta porque no tiene cantidad de colocar ni quitar
UCAP EN VALIDACION DE APROBACION_2026.pdf pág 106: 'La luminaria de 70 W a retirar no esta en el modelo no se' se descarta porque no tiene cantidad de colocar ni quitar
UCAP EN VALIDACION DE APROBACION_2026.pdf pág 106: 'relaciona en la lista de UCAPS' se descarta porque no tiene cantidad de colocar ni quitar
UCAP EN VALIDACION DE APROBACION_2026.pdf pág 169: 'En la lista de UCAP no se relaciona' se descarta porque no tiene cantidad de colocar ni quitar
UCAP EN VALIDACION DE APROBACION_2026.pdf pág 169: 'el retiro de la luminaria de 70 W NA' se descarta porque no tiene cantidad de colocar ni quitar
UCAP EN VALIDACION DE APROBACION_2026.pdf pág 169: 'de energía.' se descarta porque no tiene cantidad de colocar ni quitar
UCAP EN VALIDACION DE APROBACION_2026.pdf pág 169: 'Se relaciona en la lista de UCAP el' se descarta porque no tiene cantidad de colocar ni quitar
UCAP EN VALIDACION DE APROBACION_2026.pdf pág 169: 'retiro de una luminaria de 250 para' se descarta porque no tiene cantidad de colocar ni quitar
UCAP EN VALIDACION DE APROBACION_2026.pdf pág 169: 'la actualización del sistema' se descarta porque no tiene cantidad de colocar ni quitar
UCAP EN VALIDACION DE APROBACION_2026.pdf pág 216: 0 registros extraídos
UCAP EN VALIDACION DE APROBACION_2026.pdf pág 236: 'No se realizan memorias de calculo' se descarta porque no tiene cantidad de colocar ni quitar
UCAP EN VALIDACION DE APROBACION_2026.pdf pág 236: 'Se hace formato de UCAPS con el' se descarta porque no tiene cantidad de colocar ni quitar
UCAP EN VALIDACION DE APROBACION_2026.pdf pág 236: 'poste de fibra nuevo que se requiere' se descarta porque no tiene cantidad de colocar ni quitar
UCAP EN VALIDACION DE APROBACION_2026.pdf pág 236: 'para la instalación de la luminaria' se descarta porque no tiene cantidad de colocar ni quitar
UCAP EN VALIDACION DE APROBACION_2026.pdf pág 236: 'no se pone retiro de poste de madera' se descarta porque no tiene cantidad de colocar ni quitar
UCAP EN VALIDACION DE APROBACION_2026.pdf pág 236: 'Se instala luminaria de las mismas' se descarta porque no tiene cantidad de colocar ni quitar
UCAP EN VALIDACION DE APROBACION_2026.pdf pág 236: 'caracterizas a la que había antes' se descarta porque no tiene cantidad de colocar ni quitar
UCAP EN VALIDACION DE APROBACION_2026.pdf pág 236: 'del deslizamiento' se descarta porque no tiene cantidad de colocar ni quitar
UCAP EN VALIDACION DE APROBACION_2026.pdf pág 236: 'En el sector se presentó deslizamiento de tierra' se descarta porque no tiene cantidad de colocar ni quitar
UCAP EN VALIDACION DE APROBACION_2026.pdf pág 236: 'que ocasión perdida del terreno, motivo por el' se descarta porque no tiene cantidad de colocar ni quitar
UCAP EN VALIDACION DE APROBACION_2026.pdf pág 236: 'cual se perdió el poste la luminaria y la red.' se descarta porque no tiene cantidad de colocar ni quitar
UCAP EN VALIDACION DE APROBACION_2026.pdf pág 236: 'Por parte del distrito ya se estabilizó el terreno' se descarta porque no tiene cantidad de colocar ni quitar
UCAP EN VALIDACION DE APROBACION_2026.pdf pág 236: 'y se hizo el muro de contención y el llenado del' se descarta porque no tiene cantidad de colocar ni quitar
UCAP EN VALIDACION DE APROBACION_2026.pdf pág 236: 'terreno' se descarta porque no tiene cantidad de colocar ni quitar
UCAP EN VALIDACION DE APROBACION_2026.pdf pág 236: 'Se debe hacer la reposición de la infraestructura' se descarta porque no tiene cantidad de colocar ni quitar
UCAP EN VALIDACION DE APROBACION_2026.pdf pág 236: 'de AP, y la actualización del modelo.' se descarta porque no tiene cantidad de colocar ni quitar
Tabla 1 al 331_2026.pdf: el documento 1265975 aparece con proyectos distintos en las págs 124, 125; posible error de digitación del número, se conservan todas
Tablas 1 al 392_2025.pdf: el documento 1159547 aparece con proyectos distintos en las págs 97, 118; posible error de digitación del número, se conservan todas
Tabla 1 al 331_2026.pdf pág 269: se descarta por duplicar el documento 1052703 (4 ítems, colocar 17); se conserva la pág 61 (4 ítems, colocar 17)
Tabla 1 al 331_2026.pdf pág 230: se descarta por duplicar el documento 1080964 (6 ítems, colocar 149); se conserva la pág 118 (6 ítems, colocar 149)
Tabla 1 al 331_2026.pdf pág 312: se descarta por duplicar el documento 1249245 (14 ítems, colocar 7); se conserva la pág 266 (14 ítems, colocar 7)
Tablas 1 al 392_2025.pdf pág 329: se descarta por duplicar el documento 1027051 (4 ítems, colocar 15); se conserva la pág 145 (4 ítems, colocar 15)
Tablas 1 al 392_2025.pdf pág 330: se descarta por duplicar el documento 1027052 (5 ítems, colocar 2); se conserva la pág 146 (5 ítems, colocar 2)
Tablas 1 al 392_2025.pdf pág 332: se descarta por duplicar el documento 1030281 (6 ítems, colocar 18); se conserva la pág 151 (6 ítems, colocar 18)
Tablas 1 al 392_2025.pdf pág 212: se descarta por duplicar el documento 1097251 (4 ítems, colocar 3); se conserva la pág 211 (4 ítems, colocar 3)
Tablas 1 al 392_2025.pdf pág 16: se descarta por duplicar el documento 1111377 (3 ítems, colocar 7); se conserva la pág 15 (3 ítems, colocar 7)
Tablas 1 al 392_2025.pdf pág 323: se descarta por duplicar el documento 226214 (10 ítems, colocar 59); se conserva la pág 136 (10 ítems, colocar 59)
UCAP EN VALIDACION DE APROBACION_2026.pdf pág 182: se descarta por duplicar el documento 1078189 (7 ítems, colocar 37); se conserva la pág 102 (10 ítems, colocar 56)
UCAP EN VALIDACION DE APROBACION_2026.pdf pág 183: se descarta por duplicar el documento 1079802 (10 ítems, colocar 103); se conserva la pág 103 (10 ítems, colocar 104)
UCAP EN VALIDACION DE APROBACION_2026.pdf pág 184: se descarta por duplicar el documento 1119690 (9 ítems, colocar 9); se conserva la pág 174 (9 ítems, colocar 9)
UCAP EN VALIDACION DE APROBACION_2026.pdf pág 186: se descarta por duplicar el documento 1200010 (3 ítems, colocar 3); se conserva la pág 175 (3 ítems, colocar 3)
UCAP EN VALIDACION DE APROBACION_2026.pdf pág 187: se descarta por duplicar el documento 1201847 (4 ítems, colocar 15); se conserva la pág 176 (4 ítems, colocar 15)
UCAP EN VALIDACION DE APROBACION_2026.pdf pág 188: se descarta por duplicar el documento 1206321 (7 ítems, colocar 135); se conserva la pág 177 (7 ítems, colocar 135)
UCAP EN VALIDACION DE APROBACION_2026.pdf pág 124: se descarta por duplicar el documento 1228306 (7 ítems, colocar 50); se conserva la pág 122 (7 ítems, colocar 50)
UCAP EN VALIDACION DE APROBACION_2026.pdf pág 189: se descarta por duplicar el documento 1228487 (2 ítems, colocar 2); se conserva la pág 178 (2 ítems, colocar 2)
UCAP EN VALIDACION DE APROBACION_2026.pdf pág 87: se descarta por duplicar el documento 1269167 (4 ítems, colocar 4); se conserva la pág 66 (4 ítems, colocar 4)
UCAP EN VALIDACION DE APROBACION_2026.pdf pág 88: se descarta por duplicar el documento 1285003 (4 ítems, colocar 52); se conserva la pág 67 (4 ítems, colocar 52)
UCAP EN VALIDACION DE APROBACION_2026.pdf pág 89: se descarta por duplicar el documento 1302758 (4 ítems, colocar 35); se conserva la pág 6 (4 ítems, colocar 35)
UCAP EN VALIDACION DE APROBACION_2026.pdf pág 191: se descarta por duplicar el documento 1328718 (3 ítems, colocar 16); se conserva la pág 179 (3 ítems, colocar 16)
UCAP EN VALIDACION DE APROBACION_2026.pdf pág 192: se descarta por duplicar el documento 1332486 (3 ítems, colocar 18); se conserva la pág 180 (3 ítems, colocar 18)
UCAP EN VALIDACION DE APROBACION_2026.pdf pág 193: se descarta por duplicar el documento 1334819 (6 ítems, colocar 19); se conserva la pág 181 (6 ítems, colocar 19)
UCAP EN VALIDACION DE APROBACION_2026.pdf pág 83: se descarta por duplicar el documento 1343500 (5 ítems, colocar 75); se conserva la pág 173 (7 ítems, colocar 130)
UCAP EN VALIDACION DE APROBACION_2026.pdf pág 195: se descarta por duplicar el documento 1348589 (4 ítems, colocar 14); se conserva la pág 154 (6 ítems, colocar 16)
UCAP EN VALIDACION DE APROBACION_2026.pdf pág 113: se descarta por duplicar el documento 1349121 (8 ítems, colocar 108); se conserva la pág 112 (8 ítems, colocar 108)
UCAP EN VALIDACION DE APROBACION_2026.pdf pág 125: se descarta por duplicar el documento 1353172 (4 ítems, colocar 2); se conserva la pág 123 (4 ítems, colocar 2)
UCAP EN VALIDACION DE APROBACION_2026.pdf pág 130: se descarta por duplicar el documento 1353315 (2 ítems, colocar 2); se conserva la pág 108 (8 ítems, colocar 57)
UCAP EN VALIDACION DE APROBACION_2026.pdf pág 212: se descarta por duplicar el documento 1371806 (1 ítems, colocar 1); se conserva la pág 211 (1 ítems, colocar 1)
UCAP EN VALIDACION DE APROBACION_2026.pdf pág 68: se descarta por duplicar el documento 1394414 (4 ítems, colocar 28); se conserva la pág 55 (4 ítems, colocar 28)